
<!DOCTYPE html>
<html lang="pt-br">
<head>
    <title>[GuilhermeAis] Go Blog!</title>
    <meta charset="UTF-8"/>
    <meta name="description" content="Bem vindos ao meu blog escrito em Go" lang="pt-br"/>
</head>
<body>
<nav role="navigation">
    <div>
        <h1>Go Blog</h1>
        <ul>
            <li><a href="/">home</a></li>
            <li><a href="about">about</a></li>
            <li><a href="archive">archive</a></li>
        </ul>
    </div>
</nav>
<main>

<h1>hello, world!</h1>

<p>This is a description</p>

Tags: <ul><li>dev</li><li>go</li><li>tdd</li></ul>

<h1>Teste de XSS</h1>
<p>Aqui está um link malicioso:</p>
<p><a href="">XSS</a></p>
<p>E aqui está um script embutido:</p>
<!-- raw HTML omitted -->


</main>
<footer>
    <ul>
        <li><a href="https://github.com/guilhermeais">GitHub</a></li>
    </ul>
</footer>
</body>
</html>
